// Jest Snapshot v1, https://goo.gl/fbAQLP

exports[`Shold render single expense  1`] = `
<div
  className="list-item"
  onClick={[Function]}
>
  <div>
    <h3
      className="list-item__title"
    >
      0
      .   
      Gum
    </h3>
    <span
      className="list-item__sub-title"
    >
      1st-January-1970
    </span>
  </div>
  <div>
    <h3
      className="list-item__data"
    >
      $1.99
    </h3>
    <button
      className="list-item__button"
      onClick={[Function]}
    >
      remove
    </button>
  </div>
</div>
`;
