// Jest Snapshot v1, https://goo.gl/fbAQLP

exports[`Shold render single expense  1`] = `
<div>
  <p>
    0
    .  
    <Link
      replace={false}
      to="/edit/0"
    >
      Gum
    </Link>
     
    $1.99
     
    1st-January-1970
      
    <button
      onClick={[Function]}
    >
      X
    </button>
  </p>
</div>
`;
